// Jest Snapshot v1, https://goo.gl/fbAQLP

exports[`ShareForm snapshot renders should render correctly in "debug" mode 1`] = `
<Form
  as="form"
>
  <FormGroup
    widths="equal"
  >
    <FormField
      control={[Function]}
      label="First name"
      placeholder="First name"
    />
    <FormField
      control={[Function]}
      label="Last name"
      placeholder="Last name"
    />
    <FormField
      control={[Function]}
      label="Gender"
      options={
        Array [
          Object {
            "key": "m",
            "text": "Male",
            "value": "male",
          },
          Object {
            "key": "f",
            "text": "Female",
            "value": "female",
          },
        ]
      }
      placeholder="Gender"
    />
  </FormGroup>
  <FormGroup
    inline={true}
  >
    <label>
      Quantity
    </label>
    <FormField
      checked={false}
      control={[Function]}
      label="One"
      onChange={[Function]}
      value="1"
    />
    <FormField
      checked={false}
      control={[Function]}
      label="Two"
      onChange={[Function]}
      value="2"
    />
    <FormField
      checked={false}
      control={[Function]}
      label="Three"
      onChange={[Function]}
      value="3"
    />
  </FormGroup>
  <FormField
    control={[Function]}
    label="About"
    placeholder="Tell us more about you..."
  />
  <FormField
    control={[Function]}
    label="I agree to the Terms and Conditions"
  />
  <FormField
    control={[Function]}
  >
    Submit
  </FormField>
</Form>
`;
